Processing esp32s3dev (platform: espressif32; board: adafruit_feather_esp32s3; framework: arduino)
--------------------------------------------------------------------------------
Verbose mode can be enabled via `-v, --verbose` option
CONFIGURATION: https://docs.platformio.org/page/boards/espressif32/adafruit_feather_esp32s3.html
PLATFORM: Espressif 32 (6.12.0) > Adafruit Feather ESP32-S3 2MB PSRAM
HARDWARE: ESP32S3 240MHz, 320KB RAM, 4MB Flash
DEBUG: Current (cmsis-dap) External (cmsis-dap, esp-bridge, esp-builtin, esp-prog, iot-bus-jtag, jlink, minimodule, olimex-arm-usb-ocd, olimex-arm-usb-ocd-h, olimex-arm-usb-tiny-h, olimex-jtag-tiny, tumpa)
PACKAGES: 
 - framework-arduinoespressif32 @ 3.20017.241212+sha.dcc1105b 
 - tool-esptoolpy @ 2.40900.250804 (4.9.0) 
 - tool-openocd-esp32 @ 2.1100.20220706 (11.0) 
 - toolchain-riscv32-esp @ 8.4.0+2021r2-patch5 
 - toolchain-xtensa-esp32s3 @ 8.4.0+2021r2-patch5
LDF: Library Dependency Finder -> https://bit.ly/configure-pio-ldf
LDF Modes: Finder ~ chain, Compatibility ~ soft
Found 49 compatible libraries
Scanning dependencies...
Dependency Graph
|-- Adafruit Unified Sensor @ 1.1.15
|-- Adafruit BusIO @ 1.17.4
|-- Adafruit GFX Library @ 1.12.4
|-- Adafruit ST7735 and ST7789 Library @ 1.11.0
|-- Adafruit NeoPixel @ 1.15.2
|-- ESPAsyncWebServer @ 3.6.0+sha.ad3741d
|-- ArduinoJson @ 7.4.2
|-- NimBLE-Arduino @ 1.4.3
|-- Config
|-- Drivers
|-- Logger
|-- SensorHAL
|-- Display
|-- WiFi
Building in release mode
Compiling .pio\build\esp32s3dev\FrameworkArduinoVariant\variant.cpp.o
platformio.exe : <command-line>: warning: "PLATFORMIO" redefined
At line:1 char:1
+ & "$env:USERPROFILE\.platformio\penv\Scripts\platformio.exe" run --en ...
+ ~~~~~~~~~~~~~~~~~~~~~~~~~~~~~~~~~~~~~~~~~~~~~~~~~~~~~~~~~~~~~~~~~~~~~
    + CategoryInfo          : NotSpecified: (<command-line>:...RMIO" redefined:String) [], 
    RemoteException
    + FullyQualifiedErrorId : NativeCommandError
 
<command-line>: note: this is the location of the previous definition
Compiling .pio\build\esp32s3dev\src\main.cpp.o
Generating partitions .pio\build\esp32s3dev\partitions.bin
<command-line>: warning: "PLATFORMIO" redefined
<command-line>: note: this is the location of the previous definition
Compiling .pio\build\esp32s3dev\lib45d\Adafruit Unified Sensor\Adafruit_Sensor.cpp.o
<command-line>: warning: "PLATFORMIO" redefined
<command-line>: note: this is the location of the previous definition
Compiling .pio\build\esp32s3dev\lib2e7\Wire\Wire.cpp.o
<command-line>: warning: "PLATFORMIO" redefined
<command-line>: note: this is the location of the previous definition
Compiling .pio\build\esp32s3dev\libb21\SPI\SPI.cpp.o
<command-line>: warning: "PLATFORMIO" redefined
<command-line>: note: this is the location of the previous definition
Compiling .pio\build\esp32s3dev\liba43\Adafruit BusIO\Adafruit_BusIO_Register.cpp.o
Compiling .pio\build\esp32s3dev\liba43\Adafruit BusIO\Adafruit_GenericDevice.cpp.o
Compiling .pio\build\esp32s3dev\liba43\Adafruit BusIO\Adafruit_I2CDevice.cpp.o
Compiling .pio\build\esp32s3dev\liba43\Adafruit BusIO\Adafruit_SPIDevice.cpp.o
<command-line>: warning: "PLATFORMIO" redefined
<command-line>: note: this is the location of the previous definition
<command-line>: warning: "PLATFORMIO" redefined
<command-line>: note: this is the location of the previous definition
<command-line>: warning: "PLATFORMIO" redefined
<command-line>: note: this is the location of the previous definition
<command-line>: warning: "PLATFORMIO" redefined
<command-line>: note: this is the location of the previous definition
Archiving .pio\build\esp32s3dev\lib45d\libAdafruit Unified Sensor.a
src/main.cpp:35:20: warning: 'TAG' defined but not used [-Wunused-variable]
 static const char* TAG = "MAIN";
                    ^~~
Compiling .pio\build\esp32s3dev\lib3d1\Adafruit GFX Library\Adafruit_GFX.cpp.o
Archiving .pio\build\esp32s3dev\lib2e7\libWire.a
<command-line>: warning: "PLATFORMIO" redefined
<command-line>: note: this is the location of the previous definition
Compiling .pio\build\esp32s3dev\lib3d1\Adafruit GFX Library\Adafruit_GrayOLED.cpp.o
Compiling .pio\build\esp32s3dev\lib3d1\Adafruit GFX Library\Adafruit_SPITFT.cpp.o
<command-line>: warning: "PLATFORMIO" redefined
<command-line>: note: this is the location of the previous definition
<command-line>: warning: "PLATFORMIO" redefined
<command-line>: note: this is the location of the previous definition
Archiving .pio\build\esp32s3dev\libb21\libSPI.a
Compiling .pio\build\esp32s3dev\lib3d1\Adafruit GFX Library\glcdfont.c.o
<command-line>: warning: "PLATFORMIO" redefined
<command-line>: note: this is the location of the previous definition
Compiling .pio\build\esp32s3dev\libfbf\Adafruit ST7735 and ST7789 Library\Adafruit_ST7735.cpp.o
Archiving .pio\build\esp32s3dev\liba43\libAdafruit BusIO.a
Compiling .pio\build\esp32s3dev\libfbf\Adafruit ST7735 and ST7789 Library\Adafruit_ST7789.cpp.o
Compiling .pio\build\esp32s3dev\libfbf\Adafruit ST7735 and ST7789 Library\Adafruit_ST7796S.cpp.o
Compiling .pio\build\esp32s3dev\libfbf\Adafruit ST7735 and ST7789 Library\Adafruit_ST77xx.cpp.o
<command-line>: warning: "PLATFORMIO" redefined
<command-line>: note: this is the location of the previous definition
<command-line>: warning: "PLATFORMIO" redefined
<command-line>: note: this is the location of the previous definition
<command-line>: warning: "PLATFORMIO" redefined
<command-line>: note: this is the location of the previous definition
<command-line>: warning: "PLATFORMIO" redefined
<command-line>: note: this is the location of the previous definition
Compiling .pio\build\esp32s3dev\lib8ce\Adafruit NeoPixel\Adafruit_NeoPixel.cpp.o
<command-line>: warning: "PLATFORMIO" redefined
<command-line>: note: this is the location of the previous definition
Compiling .pio\build\esp32s3dev\lib8ce\Adafruit NeoPixel\Adafruit_Neopixel_RP2.cpp.o
Compiling .pio\build\esp32s3dev\lib8ce\Adafruit NeoPixel\esp.c.o
<command-line>: warning: "PLATFORMIO" redefined
<command-line>: note: this is the location of the previous definition
<command-line>: warning: "PLATFORMIO" redefined
<command-line>: note: this is the location of the previous definition
Archiving .pio\build\esp32s3dev\lib3d1\libAdafruit GFX Library.a
Compiling .pio\build\esp32s3dev\lib8ce\Adafruit NeoPixel\esp8266.c.o
Compiling .pio\build\esp32s3dev\lib8ce\Adafruit NeoPixel\kendyte_k210.c.o
<command-line>: warning: "PLATFORMIO" redefined
<command-line>: note: this is the location of the previous definition
<command-line>: warning: "PLATFORMIO" redefined
<command-line>: note: this is the location of the previous definition
Compiling .pio\build\esp32s3dev\lib8ce\Adafruit NeoPixel\psoc6.c.o
<command-line>: warning: "PLATFORMIO" redefined
<command-line>: note: this is the location of the previous definition
Compiling .pio\build\esp32s3dev\lib27b\AsyncTCP\AsyncTCP.cpp.o
<command-line>: warning: "PLATFORMIO" redefined
<command-line>: note: this is the location of the previous definition
Compiling .pio\build\esp32s3dev\libe89\FS\FS.cpp.o
Archiving .pio\build\esp32s3dev\lib8ce\libAdafruit NeoPixel.a
Archiving .pio\build\esp32s3dev\libfbf\libAdafruit ST7735 and ST7789 Library.a
Compiling .pio\build\esp32s3dev\libe89\FS\vfs_api.cpp.o
<command-line>: warning: "PLATFORMIO" redefined
<command-line>: note: this is the location of the previous definition
<command-line>: warning: "PLATFORMIO" redefined
<command-line>: note: this is the location of the previous definition
Compiling .pio\build\esp32s3dev\liba5f\WiFi\WiFi.cpp.o
Compiling .pio\build\esp32s3dev\liba5f\WiFi\WiFiAP.cpp.o
Compiling .pio\build\esp32s3dev\liba5f\WiFi\WiFiClient.cpp.o
Compiling .pio\build\esp32s3dev\liba5f\WiFi\WiFiGeneric.cpp.o
Compiling .pio\build\esp32s3dev\liba5f\WiFi\WiFiMulti.cpp.o
<command-line>: warning: "PLATFORMIO" redefined
<command-line>: note: this is the location of the previous definition
<command-line>: warning: "PLATFORMIO" redefined
<command-line>: note: this is the location of the previous definition
<command-line>: warning: "PLATFORMIO" redefined
<command-line>: note: this is the location of the previous definition
<command-line>: warning: "PLATFORMIO" redefined
<command-line>: note: this is the location of the previous definition
<command-line>: warning: "PLATFORMIO" redefined
<command-line>: note: this is the location of the previous definition
Archiving .pio\build\esp32s3dev\lib27b\libAsyncTCP.a
